
scalar               AUROC   perm p   control mean / case mean
fov_ap_mm            0.924   0.0000   151 / 199
vox_ap               0.482   0.7843   1.1 / 1.08
n_slices             0.842   0.0001   142 / 188
matrix               0.479   0.7873   407 / 396
brain_at_ap_edge     0.003   0.0000   0.229 / 0.0241
ap_margin_mm         0.812   0.0000   0 / 11.9
brain_ml             0.377   0.1438   1.62e+03 / 1.55e+03
cortex_ml            0.405   0.2569   608 / 578
cortex_frac          0.523   0.7989   0.376 / 0.374
gm_wm_ratio          0.545   0.6261   1.35 / 1.34
ventricle_ml         0.760   0.0012   15.7 / 31.7
folding              0.382   0.1628   149 / 146

features                     LOO AUROC
header                           0.896
coverage                         0.995
synthseg                         0.759
all scalars                      0.991

model (fomo_tune_walnut_v0_1) AUROC 0.995
  residualized against brain_at_ap_edge   AUROC 0.632  (spearman -0.809)
  residualized against fov_ap_mm          AUROC 0.769  (spearman +0.731)
  residualized against n_slices           AUROC 0.880  (spearman +0.518)
