sub_01 label=0 (220, 163, 270) kept 0.198
sub_02 label=0 (201, 146, 230) kept 0.231
sub_03 label=0 (201, 149, 230) kept 0.231
sub_04 label=0 (201, 149, 230) kept 0.214
sub_05 label=0 (201, 139, 230) kept 0.229
sub_06 label=0 (201, 158, 230) kept 0.267
sub_07 label=0 (220, 148, 270) kept 0.233
sub_08 label=0 (220, 164, 270) kept 0.196
sub_09 label=0 (220, 166, 270) kept 0.199
sub_10 label=0 (201, 155, 230) kept 0.271
sub_11 label=0 (201, 148, 230) kept 0.280
sub_12 label=0 (220, 149, 270) kept 0.221
sub_13 label=0 (201, 153, 230) kept 0.267
sub_14 label=0 (201, 151, 230) kept 0.246
sub_15 label=0 (220, 161, 270) kept 0.208
sub_16 label=0 (220, 136, 270) kept 0.204
sub_17 label=0 (220, 134, 270) kept 0.209
sub_18 label=0 (220, 148, 270) kept 0.170
sub_19 label=0 (201, 145, 230) kept 0.196
sub_20 label=0 (220, 143, 270) kept 0.222
sub_21 label=0 (220, 165, 270) kept 0.218
sub_22 label=0 (220, 167, 270) kept 0.212
sub_23 label=0 (220, 163, 270) kept 0.202
sub_24 label=0 (220, 142, 270) kept 0.219
sub_25 label=1 (220, 174, 270) kept 0.208
sub_26 label=1 (201, 250, 230) kept 0.131
sub_27 label=1 (201, 212, 230) kept 0.161
sub_28 label=1 (201, 250, 230) kept 0.153
sub_29 label=1 (201, 250, 230) kept 0.162
sub_30 label=1 (201, 250, 230) kept 0.173
sub_31 label=1 (220, 178, 270) kept 0.167
sub_32 label=1 (220, 168, 270) kept 0.127
sub_33 label=1 (220, 170, 270) kept 0.175
sub_34 label=1 (201, 173, 230) kept 0.186
sub_35 label=1 (201, 250, 230) kept 0.155
sub_36 label=1 (220, 224, 270) kept 0.184
sub_37 label=1 (201, 250, 230) kept 0.169
sub_38 label=1 (201, 250, 230) kept 0.169
sub_39 label=1 (220, 160, 270) kept 0.173
sub_40 label=1 (220, 147, 270) kept 0.139
sub_41 label=1 (220, 164, 270) kept 0.184
sub_42 label=1 (220, 205, 270) kept 0.166
sub_43 label=1 (201, 193, 230) kept 0.163
sub_44 label=1 (220, 154, 270) kept 0.163
sub_45 label=1 (220, 170, 270) kept 0.185
sub_46 label=1 (220, 170, 270) kept 0.163
sub_47 label=1 (220, 159, 270) kept 0.186
sub_48 label=1 (201, 212, 230) kept 0.178
